{"level":"info","message":"Server running on port 3000","timestamp":"2026-05-18T13:26:56.779Z"}
{"level":"info","message":{"method":"GET","responseTimeMs":10.97,"statusCode":200,"type":"performance","url":"/"},"timestamp":"2026-05-18T13:27:01.167Z"}
{"level":"info","message":{"method":"GET","responseTimeMs":4.94,"statusCode":200,"type":"performance","url":"/css/style.css"},"timestamp":"2026-05-18T13:27:01.190Z"}
{"level":"info","message":{"method":"GET","responseTimeMs":5.1,"statusCode":200,"type":"performance","url":"/js/script.js"},"timestamp":"2026-05-18T13:27:01.192Z"}
{"level":"info","message":{"method":"GET","responseTimeMs":21.53,"statusCode":304,"type":"performance","url":"/api/auth/profile"},"timestamp":"2026-05-18T13:27:01.223Z"}
{"level":"info","message":{"method":"GET","responseTimeMs":26.37,"statusCode":200,"type":"performance","url":"/api/recipes"},"timestamp":"2026-05-18T13:27:01.228Z"}
{"level":"info","message":{"method":"GET","responseTimeMs":2.47,"statusCode":404,"type":"performance","url":"/uploads/recipes/1779110034070-FvEXacoWIBQ6xtG.jpg"},"timestamp":"2026-05-18T13:27:01.285Z"}
{"level":"info","message":{"method":"POST","responseTimeMs":47.41,"statusCode":201,"type":"performance","url":"/api/recipes"},"timestamp":"2026-05-18T13:27:15.412Z"}
{"level":"info","message":{"method":"GET","responseTimeMs":4.19,"statusCode":200,"type":"performance","url":"/api/recipes"},"timestamp":"2026-05-18T13:27:15.419Z"}
{"level":"info","message":{"method":"GET","responseTimeMs":3.47,"statusCode":404,"type":"performance","url":"/uploads/recipes/1779110034070-FvEXacoWIBQ6xtG.jpg"},"timestamp":"2026-05-18T13:27:15.431Z"}
{"level":"info","message":{"method":"GET","responseTimeMs":12.81,"statusCode":200,"type":"performance","url":"/uploads/recipes/1779110835383-FvEXacoWIBQ6xtG.jpg"},"timestamp":"2026-05-18T13:27:15.437Z"}
{"level":"info","message":{"method":"GET","responseTimeMs":12.04,"statusCode":200,"type":"performance","url":"/uploads/recipes/1779110835388-FvEXZgJWIAgiXUk.jpg"},"timestamp":"2026-05-18T13:27:15.438Z"}
{"level":"info","message":{"method":"GET","responseTimeMs":1.14,"statusCode":304,"type":"performance","url":"/"},"timestamp":"2026-05-18T13:27:24.225Z"}
{"level":"info","message":{"method":"GET","responseTimeMs":1.16,"statusCode":304,"type":"performance","url":"/css/style.css"},"timestamp":"2026-05-18T13:27:24.246Z"}
{"level":"info","message":{"method":"GET","responseTimeMs":3.07,"statusCode":304,"type":"performance","url":"/js/script.js"},"timestamp":"2026-05-18T13:27:24.248Z"}
{"level":"info","message":{"method":"GET","responseTimeMs":10.57,"statusCode":304,"type":"performance","url":"/api/auth/profile"},"timestamp":"2026-05-18T13:27:24.268Z"}
{"level":"info","message":{"method":"GET","responseTimeMs":14.82,"statusCode":304,"type":"performance","url":"/api/recipes"},"timestamp":"2026-05-18T13:27:24.274Z"}
{"level":"info","message":{"method":"GET","responseTimeMs":2.77,"statusCode":304,"type":"performance","url":"/uploads/recipes/1779110835383-FvEXacoWIBQ6xtG.jpg"},"timestamp":"2026-05-18T13:27:24.292Z"}
{"level":"info","message":{"method":"GET","responseTimeMs":3.29,"statusCode":304,"type":"performance","url":"/uploads/recipes/1779110835388-FvEXZgJWIAgiXUk.jpg"},"timestamp":"2026-05-18T13:27:24.294Z"}
{"level":"info","message":{"method":"GET","responseTimeMs":2.47,"statusCode":404,"type":"performance","url":"/uploads/recipes/1779110034070-FvEXacoWIBQ6xtG.jpg"},"timestamp":"2026-05-18T13:27:24.295Z"}
{"level":"info","message":"Server running on port 3000","timestamp":"2026-05-18T13:37:00.341Z"}
{"level":"info","message":{"method":"GET","responseTimeMs":3.61,"statusCode":304,"type":"performance","url":"/"},"timestamp":"2026-05-18T13:37:15.162Z"}
{"level":"info","message":{"method":"GET","responseTimeMs":1.64,"statusCode":304,"type":"performance","url":"/css/style.css"},"timestamp":"2026-05-18T13:37:15.185Z"}
{"level":"info","message":{"method":"GET","responseTimeMs":1.95,"statusCode":304,"type":"performance","url":"/js/script.js"},"timestamp":"2026-05-18T13:37:15.186Z"}
{"level":"info","message":{"method":"GET","responseTimeMs":8.92,"statusCode":401,"type":"performance","url":"/api/auth/profile"},"timestamp":"2026-05-18T13:37:15.211Z"}
{"level":"info","message":{"method":"GET","responseTimeMs":28.72,"statusCode":304,"type":"performance","url":"/api/recipes"},"timestamp":"2026-05-18T13:37:15.231Z"}
{"level":"info","message":{"method":"GET","responseTimeMs":2.46,"statusCode":304,"type":"performance","url":"/uploads/recipes/1779110835383-FvEXacoWIBQ6xtG.jpg"},"timestamp":"2026-05-18T13:37:15.271Z"}
{"level":"info","message":{"method":"GET","responseTimeMs":3.09,"statusCode":304,"type":"performance","url":"/uploads/recipes/1779110835388-FvEXZgJWIAgiXUk.jpg"},"timestamp":"2026-05-18T13:37:15.272Z"}
{"level":"info","message":{"method":"GET","responseTimeMs":4.33,"statusCode":404,"type":"performance","url":"/uploads/recipes/1779110034070-FvEXacoWIBQ6xtG.jpg"},"timestamp":"2026-05-18T13:37:15.274Z"}
{"level":"info","message":{"method":"GET","responseTimeMs":1.32,"statusCode":304,"type":"performance","url":"/"},"timestamp":"2026-05-18T13:37:17.276Z"}
{"level":"info","message":{"method":"GET","responseTimeMs":1.08,"statusCode":304,"type":"performance","url":"/css/style.css"},"timestamp":"2026-05-18T13:37:17.297Z"}
{"level":"info","message":{"method":"GET","responseTimeMs":1.4,"statusCode":304,"type":"performance","url":"/js/script.js"},"timestamp":"2026-05-18T13:37:17.298Z"}
{"level":"info","message":{"method":"GET","responseTimeMs":3.5,"statusCode":401,"type":"performance","url":"/api/auth/profile"},"timestamp":"2026-05-18T13:37:17.314Z"}
{"level":"info","message":{"method":"GET","responseTimeMs":8.18,"statusCode":304,"type":"performance","url":"/api/recipes"},"timestamp":"2026-05-18T13:37:17.319Z"}
{"level":"info","message":{"method":"GET","responseTimeMs":1.91,"statusCode":304,"type":"performance","url":"/uploads/recipes/1779110835383-FvEXacoWIBQ6xtG.jpg"},"timestamp":"2026-05-18T13:37:17.371Z"}
{"level":"info","message":{"method":"GET","responseTimeMs":2.86,"statusCode":304,"type":"performance","url":"/uploads/recipes/1779110835388-FvEXZgJWIAgiXUk.jpg"},"timestamp":"2026-05-18T13:37:17.373Z"}
{"level":"info","message":{"method":"GET","responseTimeMs":4.23,"statusCode":404,"type":"performance","url":"/uploads/recipes/1779110034070-FvEXacoWIBQ6xtG.jpg"},"timestamp":"2026-05-18T13:37:17.375Z"}
{"level":"info","message":{"method":"GET","responseTimeMs":0.88,"statusCode":304,"type":"performance","url":"/"},"timestamp":"2026-05-18T13:37:37.188Z"}
{"level":"info","message":{"method":"GET","responseTimeMs":1.05,"statusCode":304,"type":"performance","url":"/css/style.css"},"timestamp":"2026-05-18T13:37:37.207Z"}
{"level":"info","message":{"method":"GET","responseTimeMs":1.79,"statusCode":304,"type":"performance","url":"/js/script.js"},"timestamp":"2026-05-18T13:37:37.208Z"}
{"level":"info","message":{"method":"GET","responseTimeMs":1.54,"statusCode":401,"type":"performance","url":"/api/auth/profile"},"timestamp":"2026-05-18T13:37:37.237Z"}
{"level":"info","message":{"method":"GET","responseTimeMs":13.68,"statusCode":304,"type":"performance","url":"/api/recipes"},"timestamp":"2026-05-18T13:37:37.249Z"}
{"level":"info","message":{"method":"GET","responseTimeMs":2.38,"statusCode":304,"type":"performance","url":"/uploads/recipes/1779110835383-FvEXacoWIBQ6xtG.jpg"},"timestamp":"2026-05-18T13:37:37.282Z"}
{"level":"info","message":{"method":"GET","responseTimeMs":2.46,"statusCode":304,"type":"performance","url":"/uploads/recipes/1779110835388-FvEXZgJWIAgiXUk.jpg"},"timestamp":"2026-05-18T13:37:37.282Z"}
{"level":"info","message":{"method":"GET","responseTimeMs":1.95,"statusCode":404,"type":"performance","url":"/uploads/recipes/1779110034070-FvEXacoWIBQ6xtG.jpg"},"timestamp":"2026-05-18T13:37:37.283Z"}
{"level":"info","message":{"method":"GET","responseTimeMs":0.62,"statusCode":304,"type":"performance","url":"/"},"timestamp":"2026-05-18T13:37:38.954Z"}
{"level":"info","message":{"method":"GET","responseTimeMs":1.15,"statusCode":304,"type":"performance","url":"/css/style.css"},"timestamp":"2026-05-18T13:37:38.975Z"}
{"level":"info","message":{"method":"GET","responseTimeMs":2.06,"statusCode":304,"type":"performance","url":"/js/script.js"},"timestamp":"2026-05-18T13:37:38.977Z"}
{"level":"info","message":{"method":"GET","responseTimeMs":1.47,"statusCode":401,"type":"performance","url":"/api/auth/profile"},"timestamp":"2026-05-18T13:37:38.982Z"}
{"level":"info","message":{"method":"GET","responseTimeMs":3.11,"statusCode":304,"type":"performance","url":"/api/recipes"},"timestamp":"2026-05-18T13:37:38.985Z"}
{"level":"info","message":{"method":"GET","responseTimeMs":1.74,"statusCode":304,"type":"performance","url":"/uploads/recipes/1779110835383-FvEXacoWIBQ6xtG.jpg"},"timestamp":"2026-05-18T13:37:39.001Z"}
{"level":"info","message":{"method":"GET","responseTimeMs":3.09,"statusCode":304,"type":"performance","url":"/uploads/recipes/1779110835388-FvEXZgJWIAgiXUk.jpg"},"timestamp":"2026-05-18T13:37:39.003Z"}
{"level":"info","message":{"method":"GET","responseTimeMs":3.78,"statusCode":404,"type":"performance","url":"/uploads/recipes/1779110034070-FvEXacoWIBQ6xtG.jpg"},"timestamp":"2026-05-18T13:37:39.004Z"}
{"level":"info","message":{"method":"GET","responseTimeMs":1.13,"statusCode":304,"type":"performance","url":"/"},"timestamp":"2026-05-18T13:37:46.131Z"}
{"level":"info","message":{"method":"GET","responseTimeMs":0.9,"statusCode":304,"type":"performance","url":"/css/style.css"},"timestamp":"2026-05-18T13:37:46.155Z"}
{"level":"info","message":{"method":"GET","responseTimeMs":0.64,"statusCode":304,"type":"performance","url":"/js/script.js"},"timestamp":"2026-05-18T13:37:46.156Z"}
{"level":"info","message":{"method":"GET","responseTimeMs":1.38,"statusCode":401,"type":"performance","url":"/api/auth/profile"},"timestamp":"2026-05-18T13:37:46.171Z"}
{"level":"info","message":{"method":"GET","responseTimeMs":4.61,"statusCode":304,"type":"performance","url":"/api/recipes"},"timestamp":"2026-05-18T13:37:46.174Z"}
{"level":"info","message":{"method":"GET","responseTimeMs":2.06,"statusCode":304,"type":"performance","url":"/uploads/recipes/1779110835383-FvEXacoWIBQ6xtG.jpg"},"timestamp":"2026-05-18T13:37:46.186Z"}
{"level":"info","message":{"method":"GET","responseTimeMs":2.38,"statusCode":304,"type":"performance","url":"/uploads/recipes/1779110835388-FvEXZgJWIAgiXUk.jpg"},"timestamp":"2026-05-18T13:37:46.190Z"}
{"level":"info","message":{"method":"GET","responseTimeMs":3.19,"statusCode":404,"type":"performance","url":"/uploads/recipes/1779110034070-FvEXacoWIBQ6xtG.jpg"},"timestamp":"2026-05-18T13:37:46.192Z"}
{"level":"info","message":{"method":"POST","responseTimeMs":1.11,"statusCode":401,"type":"performance","url":"/api/auth/logout"},"timestamp":"2026-05-18T13:39:45.822Z"}
{"level":"info","message":{"method":"GET","responseTimeMs":4.07,"statusCode":200,"type":"performance","url":"/login"},"timestamp":"2026-05-18T13:39:45.837Z"}
{"level":"info","message":{"method":"GET","responseTimeMs":0.73,"statusCode":304,"type":"performance","url":"/css/style.css"},"timestamp":"2026-05-18T13:39:45.859Z"}
{"level":"info","message":{"method":"GET","responseTimeMs":0.84,"statusCode":304,"type":"performance","url":"/js/script.js"},"timestamp":"2026-05-18T13:39:45.860Z"}
{"level":"info","message":{"method":"POST","responseTimeMs":91.78,"statusCode":403,"type":"performance","url":"/api/auth/login"},"timestamp":"2026-05-18T13:40:05.843Z"}
{"level":"info","message":{"method":"POST","responseTimeMs":74.64,"statusCode":403,"type":"performance","url":"/api/auth/login"},"timestamp":"2026-05-18T13:40:07.567Z"}
{"level":"info","message":{"method":"POST","responseTimeMs":16.14,"statusCode":200,"type":"performance","url":"/api/auth/resend-verification"},"timestamp":"2026-05-18T13:40:11.676Z"}
{"level":"info","message":{"method":"GET","responseTimeMs":14.12,"statusCode":200,"type":"performance","url":"/api/auth/verify-email/552617a1ca72ccf5eacc0cfe0648c29c03c4f4bd47d3e9add3590b6cbb0c080c"},"timestamp":"2026-05-18T13:40:13.314Z"}
{"level":"info","message":{"method":"GET","responseTimeMs":0.7,"statusCode":304,"type":"performance","url":"/login"},"timestamp":"2026-05-18T13:40:15.516Z"}
{"level":"info","message":{"method":"GET","responseTimeMs":1.21,"statusCode":304,"type":"performance","url":"/css/style.css"},"timestamp":"2026-05-18T13:40:15.541Z"}
{"level":"info","message":{"method":"GET","responseTimeMs":1.25,"statusCode":304,"type":"performance","url":"/js/script.js"},"timestamp":"2026-05-18T13:40:15.541Z"}
{"level":"info","message":{"method":"POST","responseTimeMs":101.89,"statusCode":200,"type":"performance","url":"/api/auth/login"},"timestamp":"2026-05-18T13:40:27.980Z"}
{"level":"info","message":{"method":"GET","responseTimeMs":1.61,"statusCode":200,"type":"performance","url":"/profile"},"timestamp":"2026-05-18T13:40:28.707Z"}
{"level":"info","message":{"method":"GET","responseTimeMs":1.7,"statusCode":304,"type":"performance","url":"/css/style.css"},"timestamp":"2026-05-18T13:40:28.733Z"}
{"level":"info","message":{"method":"GET","responseTimeMs":0.83,"statusCode":304,"type":"performance","url":"/js/script.js"},"timestamp":"2026-05-18T13:40:28.736Z"}
{"level":"info","message":{"method":"GET","responseTimeMs":3.98,"statusCode":200,"type":"performance","url":"/api/auth/profile"},"timestamp":"2026-05-18T13:40:28.753Z"}
{"level":"info","message":{"method":"GET","responseTimeMs":0.69,"statusCode":304,"type":"performance","url":"/"},"timestamp":"2026-05-18T13:40:33.437Z"}
{"level":"info","message":{"method":"GET","responseTimeMs":0.65,"statusCode":304,"type":"performance","url":"/css/style.css"},"timestamp":"2026-05-18T13:40:33.458Z"}
{"level":"info","message":{"method":"GET","responseTimeMs":0.75,"statusCode":304,"type":"performance","url":"/js/script.js"},"timestamp":"2026-05-18T13:40:33.461Z"}
{"level":"info","message":{"method":"GET","responseTimeMs":5.1,"statusCode":304,"type":"performance","url":"/api/auth/profile"},"timestamp":"2026-05-18T13:40:33.477Z"}
{"level":"info","message":{"method":"GET","responseTimeMs":7.24,"statusCode":304,"type":"performance","url":"/api/recipes"},"timestamp":"2026-05-18T13:40:33.479Z"}
{"level":"info","message":{"method":"GET","responseTimeMs":1.13,"statusCode":304,"type":"performance","url":"/uploads/recipes/1779110835383-FvEXacoWIBQ6xtG.jpg"},"timestamp":"2026-05-18T13:40:33.525Z"}
{"level":"info","message":{"method":"GET","responseTimeMs":0.82,"statusCode":304,"type":"performance","url":"/uploads/recipes/1779110835388-FvEXZgJWIAgiXUk.jpg"},"timestamp":"2026-05-18T13:40:33.527Z"}
{"level":"info","message":{"method":"GET","responseTimeMs":1.05,"statusCode":404,"type":"performance","url":"/uploads/recipes/1779110034070-FvEXacoWIBQ6xtG.jpg"},"timestamp":"2026-05-18T13:40:33.529Z"}
{"level":"info","message":{"method":"GET","responseTimeMs":1.01,"statusCode":304,"type":"performance","url":"/profile"},"timestamp":"2026-05-18T13:40:46.036Z"}
{"level":"info","message":{"method":"GET","responseTimeMs":0.84,"statusCode":304,"type":"performance","url":"/css/style.css"},"timestamp":"2026-05-18T13:40:46.060Z"}
{"level":"info","message":{"method":"GET","responseTimeMs":1.34,"statusCode":304,"type":"performance","url":"/js/script.js"},"timestamp":"2026-05-18T13:40:46.061Z"}
{"level":"info","message":{"method":"GET","responseTimeMs":7.22,"statusCode":304,"type":"performance","url":"/api/auth/profile"},"timestamp":"2026-05-18T13:40:46.078Z"}
{"level":"info","message":{"method":"GET","responseTimeMs":0.53,"statusCode":304,"type":"performance","url":"/"},"timestamp":"2026-05-18T13:40:48.570Z"}
{"level":"info","message":{"method":"GET","responseTimeMs":0.68,"statusCode":304,"type":"performance","url":"/css/style.css"},"timestamp":"2026-05-18T13:40:48.597Z"}
{"level":"info","message":{"method":"GET","responseTimeMs":0.89,"statusCode":304,"type":"performance","url":"/js/script.js"},"timestamp":"2026-05-18T13:40:48.597Z"}
{"level":"info","message":{"method":"GET","responseTimeMs":5.64,"statusCode":304,"type":"performance","url":"/api/auth/profile"},"timestamp":"2026-05-18T13:40:48.609Z"}
{"level":"info","message":{"method":"GET","responseTimeMs":6.87,"statusCode":304,"type":"performance","url":"/api/recipes"},"timestamp":"2026-05-18T13:40:48.611Z"}
{"level":"info","message":{"method":"GET","responseTimeMs":1.59,"statusCode":304,"type":"performance","url":"/uploads/recipes/1779110835383-FvEXacoWIBQ6xtG.jpg"},"timestamp":"2026-05-18T13:40:48.631Z"}
{"level":"info","message":{"method":"GET","responseTimeMs":1.95,"statusCode":304,"type":"performance","url":"/uploads/recipes/1779110835388-FvEXZgJWIAgiXUk.jpg"},"timestamp":"2026-05-18T13:40:48.632Z"}
{"level":"info","message":{"method":"GET","responseTimeMs":1.23,"statusCode":404,"type":"performance","url":"/uploads/recipes/1779110034070-FvEXacoWIBQ6xtG.jpg"},"timestamp":"2026-05-18T13:40:48.634Z"}
{"level":"info","message":{"method":"GET","responseTimeMs":0.84,"statusCode":304,"type":"performance","url":"/"},"timestamp":"2026-05-18T13:42:32.669Z"}
{"level":"info","message":{"method":"GET","responseTimeMs":0.93,"statusCode":304,"type":"performance","url":"/css/style.css"},"timestamp":"2026-05-18T13:42:32.689Z"}
{"level":"info","message":{"method":"GET","responseTimeMs":1.05,"statusCode":304,"type":"performance","url":"/js/script.js"},"timestamp":"2026-05-18T13:42:32.689Z"}
{"level":"info","message":{"method":"GET","responseTimeMs":11.32,"statusCode":304,"type":"performance","url":"/api/auth/profile"},"timestamp":"2026-05-18T13:42:32.707Z"}
{"level":"info","message":{"method":"GET","responseTimeMs":10.62,"statusCode":304,"type":"performance","url":"/api/recipes"},"timestamp":"2026-05-18T13:42:32.709Z"}
{"level":"info","message":{"method":"GET","responseTimeMs":0.92,"statusCode":304,"type":"performance","url":"/uploads/recipes/1779110835383-FvEXacoWIBQ6xtG.jpg"},"timestamp":"2026-05-18T13:42:32.719Z"}
{"level":"info","message":{"method":"GET","responseTimeMs":1.36,"statusCode":304,"type":"performance","url":"/uploads/recipes/1779110835388-FvEXZgJWIAgiXUk.jpg"},"timestamp":"2026-05-18T13:42:32.720Z"}
{"level":"info","message":{"method":"GET","responseTimeMs":0.89,"statusCode":404,"type":"performance","url":"/uploads/recipes/1779110034070-FvEXacoWIBQ6xtG.jpg"},"timestamp":"2026-05-18T13:42:32.722Z"}
{"level":"info","message":{"method":"GET","responseTimeMs":0.81,"statusCode":304,"type":"performance","url":"/"},"timestamp":"2026-05-18T13:42:34.589Z"}
{"level":"info","message":{"method":"GET","responseTimeMs":0.5,"statusCode":304,"type":"performance","url":"/css/style.css"},"timestamp":"2026-05-18T13:42:34.608Z"}
{"level":"info","message":{"method":"GET","responseTimeMs":0.63,"statusCode":304,"type":"performance","url":"/js/script.js"},"timestamp":"2026-05-18T13:42:34.608Z"}
{"level":"info","message":{"method":"GET","responseTimeMs":3.76,"statusCode":304,"type":"performance","url":"/api/auth/profile"},"timestamp":"2026-05-18T13:42:34.626Z"}
{"level":"info","message":{"method":"GET","responseTimeMs":5.75,"statusCode":304,"type":"performance","url":"/api/recipes"},"timestamp":"2026-05-18T13:42:34.628Z"}
{"level":"info","message":{"method":"GET","responseTimeMs":1.69,"statusCode":304,"type":"performance","url":"/uploads/recipes/1779110835383-FvEXacoWIBQ6xtG.jpg"},"timestamp":"2026-05-18T13:42:34.638Z"}
{"level":"info","message":{"method":"GET","responseTimeMs":2.15,"statusCode":304,"type":"performance","url":"/uploads/recipes/1779110835388-FvEXZgJWIAgiXUk.jpg"},"timestamp":"2026-05-18T13:42:34.638Z"}
{"level":"info","message":{"method":"GET","responseTimeMs":2.92,"statusCode":404,"type":"performance","url":"/uploads/recipes/1779110034070-FvEXacoWIBQ6xtG.jpg"},"timestamp":"2026-05-18T13:42:34.639Z"}
